2026-09-20 18:25:13,002 [INFO] D15b: layout: cell_y=92.000 y_src=38.400 y_refl=34.800 y_surface=32.000 y_sub_bottom=-28.000 y_trans=-34.000 y_bot_inner=-40.000
2026-09-20 18:25:13,002 [INFO] D15b: orders: 10 个传播阶 m=[-2, -1, 0, 1, 2, 3, 4, 5, 6, 7]
2026-09-20 18:25:13,005 [INFO] D15b: layout: cell_y=92.000 y_src=38.400 y_refl=34.800 y_surface=32.000 y_sub_bottom=-28.000 y_trans=-34.000 y_bot_inner=-40.000
2026-09-20 18:25:13,006 [INFO] D15b: orders: 10 个传播阶 m=[-2, -1, 0, 1, 2, 3, 4, 5, 6, 7]
2026-09-20 18:25:13,006 [INFO] D15b: layout: cell_y=92.000 y_src=38.400 y_refl=34.800 y_surface=32.000 y_sub_bottom=-28.000 y_trans=-34.000 y_bot_inner=-40.000
2026-09-20 18:25:13,007 [INFO] D15b: orders: 10 个传播阶 m=[-2, -1, 0, 1, 2, 3, 4, 5, 6, 7]
2026-09-20 18:25:13,007 [INFO] D15b: layout: cell_y=92.000 y_src=38.400 y_refl=34.800 y_surface=32.000 y_sub_bottom=-28.000 y_trans=-34.000 y_bot_inner=-40.000
2026-09-20 18:25:13,007 [INFO] D15b: orders: 10 个传播阶 m=[-2, -1, 0, 1, 2, 3, 4, 5, 6, 7]
2026-09-20 18:45:40,164 [WARNING] D15b: 参考面缓存失败（不影响本次结果）：BlockingIOError(11, "Unable to synchronously create file (unable to lock file, errno = 11, error message = 'Resource temporarily unavailable')")
2026-09-20 18:45:40,165 [INFO] D15b: reference: t_end=1320.825 wall=1226.5 s input_flux=-2.486210e+05 source_end_time=1312.500 (= start + 2*width*cutoff = 2*131.250*5.0)
2026-09-20 18:45:40,165 [WARNING] D15b: 参考面缓存失败（不影响本次结果）：BlockingIOError(11, "Unable to synchronously create file (unable to lock file, errno = 11, error message = 'Resource temporarily unavailable')")
2026-09-20 18:45:40,165 [WARNING] D15b: 参考面缓存失败（不影响本次结果）：BlockingIOError(11, "Unable to synchronously create file (unable to lock file, errno = 11, error message = 'Resource temporarily unavailable')")
2026-09-20 18:45:40,165 [INFO] D15b: reference: t_end=1320.825 wall=1226.5 s input_flux=-2.486210e+05 source_end_time=1312.500 (= start + 2*width*cutoff = 2*131.250*5.0)
2026-09-20 18:45:40,165 [INFO] D15b: reference: t_end=1320.825 wall=1226.5 s input_flux=-2.486210e+05 source_end_time=1312.500 (= start + 2*width*cutoff = 2*131.250*5.0)
2026-09-20 18:45:40,165 [INFO] D15b: 参考面已缓存：results/refplanes/refplane_r20P50T60_theta30p_v5.h5
2026-09-20 18:45:40,166 [INFO] D15b: reference: t_end=1320.825 wall=1226.5 s input_flux=-2.486210e+05 source_end_time=1312.500 (= start + 2*width*cutoff = 2*131.250*5.0)
2026-09-20 20:40:34,336 [WARNING] D15b: 达到 --max_time_um=1450.0，提前结束（未满足漂移判据）
2026-09-20 20:40:34,336 [WARNING] D15b: 达到 --max_time_um=1450.0，提前结束（未满足漂移判据）
2026-09-20 20:40:34,336 [WARNING] D15b: 达到 --max_time_um=1450.0，提前结束（未满足漂移判据）
2026-09-20 20:40:34,336 [WARNING] D15b: 达到 --max_time_um=1450.0，提前结束（未满足漂移判据）
2026-09-20 20:40:34,338 [INFO] D15b: 分阶相位参考：meep_metadata  n=1002 起点=-25.025000 步长=0.050000
2026-09-20 20:40:34,338 [INFO] D15b: 分阶相位参考：meep_metadata  n=1002 起点=-25.025000 步长=0.050000
2026-09-20 20:40:34,338 [INFO] D15b: 分阶相位参考：meep_metadata  n=1002 起点=-25.025000 步长=0.050000
2026-09-20 20:40:34,338 [INFO] D15b: 分阶相位参考：meep_metadata  n=1002 起点=-25.025000 步长=0.050000
2026-09-20 20:40:34,341 [INFO] D15b: 阶间正交性自检：max O(m,m') = 1.996e-03 (ok)，坐标来源 meep_metadata
2026-09-20 20:40:34,341 [INFO] D15b: 阶间正交性自检：max O(m,m') = 1.996e-03 (ok)，坐标来源 meep_metadata
2026-09-20 20:40:34,341 [INFO] D15b: 阶间正交性自检：max O(m,m') = 1.996e-03 (ok)，坐标来源 meep_metadata
2026-09-20 20:40:34,341 [INFO] D15b: 阶间正交性自检：max O(m,m') = 1.996e-03 (ok)，坐标来源 meep_metadata
2026-09-20 20:40:34,923 [INFO] D15b: R=0.734097 T=-0.000002 A_flux=0.265905 A_vol=0.256162 |A_vol-A_flux|=9.744e-03 orders=10 post_src=137.500 valid=True n_steps=116000 wall=8110.2s
