2026-05-14 12:33:23 [INFO] 03_slanted_groove_spectrum_20260514-123323: 日志文件: /Users/luckydog/meep_sim/logs/03_slanted_groove_spectrum_20260514-123323.log
2026-05-14 12:33:23 [INFO] 03_slanted_groove_spectrum_20260514-123323: === 03_slanted_groove_spectrum ===
2026-05-14 12:33:23 [INFO] 03_slanted_groove_spectrum_20260514-123323: args = {'period': 10.0, 'top_width': 4.0, 'bottom_width': 4.0, 'depth': 3.0, 'tilt_angles': [0.0, 10.0, 20.0, 30.0], 'wavelength_min_um': 5.0, 'wavelength_max_um': 15.0, 'resolution': 32, 'pml_thickness_um': 2.0, 'substrate_thickness_um': 4.0, 'air_buffer_um': 8.0, 'nfreq': 61, 'no_regression': False}
2026-05-14 12:33:23 [INFO] 03_slanted_groove_spectrum_20260514-123323: geometry self-check: 所有顶点在单胞内；3/3 个 α 与基准产生几何差异。
2026-05-14 12:33:23 [INFO] 03_slanted_groove_spectrum_20260514-123323: geometry PNG → /Users/luckydog/meep_sim/results/figures/slanted_groove_geometry.png
2026-05-14 12:33:23 [INFO] 03_slanted_groove_spectrum_20260514-123323: >>> simulate α = 0°
2026-05-14 12:33:23 [INFO] 03_slanted_groove_spectrum_20260514-123323: [ref run] res=32, cell=(10.00, 18.00) μm, nfreq=61, fcen=0.1333, df=0.1333, comp=Ez
2026-05-14 12:33:25 [INFO] 03_slanted_groove_spectrum_20260514-123323: [ref run] done in 1.75 s, |input_flux| ∈ [4.548e-04, 3.594e+01]
2026-05-14 12:33:25 [INFO] 03_slanted_groove_spectrum_20260514-123323: [struct run] 2 objects in geometry (注入自 geometry_factory)
2026-05-14 12:33:30 [INFO] 03_slanted_groove_spectrum_20260514-123323: [struct run] done in 5.64 s
2026-05-14 12:33:30 [INFO] 03_slanted_groove_spectrum_20260514-123323: >>> simulate α = 10°
2026-05-14 12:33:30 [INFO] 03_slanted_groove_spectrum_20260514-123323: [ref run] res=32, cell=(10.00, 18.00) μm, nfreq=61, fcen=0.1333, df=0.1333, comp=Ez
2026-05-14 12:33:32 [INFO] 03_slanted_groove_spectrum_20260514-123323: [ref run] done in 1.75 s, |input_flux| ∈ [4.548e-04, 3.594e+01]
2026-05-14 12:33:32 [INFO] 03_slanted_groove_spectrum_20260514-123323: [struct run] 2 objects in geometry (注入自 geometry_factory)
2026-05-14 12:33:38 [INFO] 03_slanted_groove_spectrum_20260514-123323: [struct run] done in 5.75 s
2026-05-14 12:33:38 [INFO] 03_slanted_groove_spectrum_20260514-123323: >>> simulate α = 20°
2026-05-14 12:33:38 [INFO] 03_slanted_groove_spectrum_20260514-123323: [ref run] res=32, cell=(10.00, 18.00) μm, nfreq=61, fcen=0.1333, df=0.1333, comp=Ez
2026-05-14 12:33:40 [INFO] 03_slanted_groove_spectrum_20260514-123323: [ref run] done in 1.76 s, |input_flux| ∈ [4.548e-04, 3.594e+01]
2026-05-14 12:33:40 [INFO] 03_slanted_groove_spectrum_20260514-123323: [struct run] 2 objects in geometry (注入自 geometry_factory)
2026-05-14 12:33:46 [INFO] 03_slanted_groove_spectrum_20260514-123323: [struct run] done in 5.78 s
2026-05-14 12:33:46 [INFO] 03_slanted_groove_spectrum_20260514-123323: >>> simulate α = 30°
2026-05-14 12:33:46 [INFO] 03_slanted_groove_spectrum_20260514-123323: [ref run] res=32, cell=(10.00, 18.00) μm, nfreq=61, fcen=0.1333, df=0.1333, comp=Ez
2026-05-14 12:33:48 [INFO] 03_slanted_groove_spectrum_20260514-123323: [ref run] done in 1.79 s, |input_flux| ∈ [4.548e-04, 3.594e+01]
2026-05-14 12:33:48 [INFO] 03_slanted_groove_spectrum_20260514-123323: [struct run] 2 objects in geometry (注入自 geometry_factory)
2026-05-14 12:33:54 [INFO] 03_slanted_groove_spectrum_20260514-123323: [struct run] done in 5.83 s
2026-05-14 12:33:54 [INFO] 03_slanted_groove_spectrum_20260514-123323: self-check α=0°  max|R+T+A-1|=0.00e+00  Tmax=4.80e-05  <A>_{8-13}=0.107
2026-05-14 12:33:54 [INFO] 03_slanted_groove_spectrum_20260514-123323: self-check α=10°  max|R+T+A-1|=0.00e+00  Tmax=3.25e-05  <A>_{8-13}=0.107
2026-05-14 12:33:54 [INFO] 03_slanted_groove_spectrum_20260514-123323: self-check α=20°  max|R+T+A-1|=0.00e+00  Tmax=1.60e-05  <A>_{8-13}=0.106
2026-05-14 12:33:54 [INFO] 03_slanted_groove_spectrum_20260514-123323: self-check α=30°  max|R+T+A-1|=0.00e+00  Tmax=2.02e-05  <A>_{8-13}=0.105
2026-05-14 12:33:54 [INFO] 03_slanted_groove_spectrum_20260514-123323: spectrum self-check: max|ΔR| across α = 3.695e-02
2026-05-14 12:33:54 [INFO] 03_slanted_groove_spectrum_20260514-123323: >>> regression: α=0° (prism) vs rectangular (block)
2026-05-14 12:33:54 [INFO] 03_slanted_groove_spectrum_20260514-123323: [ref run] res=32, cell=(10.00, 18.00) μm, nfreq=61, fcen=0.1333, df=0.1333, comp=Ez
2026-05-14 12:33:55 [INFO] 03_slanted_groove_spectrum_20260514-123323: [ref run] done in 1.81 s, |input_flux| ∈ [4.548e-04, 3.594e+01]
2026-05-14 12:33:56 [INFO] 03_slanted_groove_spectrum_20260514-123323: [struct run] 2 objects in geometry (注入自 geometry_factory)
2026-05-14 12:34:02 [INFO] 03_slanted_groove_spectrum_20260514-123323: [struct run] done in 5.89 s
2026-05-14 12:34:02 [INFO] 03_slanted_groove_spectrum_20260514-123323: regression α=0° vs rectangular: max|ΔR|=0.000e+00  max|ΔA|=0.000e+00  (tol=0.05)
2026-05-14 12:34:02 [INFO] 03_slanted_groove_spectrum_20260514-123323: CSV → /Users/luckydog/meep_sim/results/tables/slanted_groove_spectra.csv  (rows=244)
2026-05-14 12:34:02 [INFO] 03_slanted_groove_spectrum_20260514-123323: comparison PNG → /Users/luckydog/meep_sim/results/figures/slanted_groove_angle_comparison.png
2026-05-14 12:34:02 [INFO] 03_slanted_groove_spectrum_20260514-123323: === done; total walltime = 30.0 s ===
2026-05-14 12:34:02 [INFO] 03_slanted_groove_spectrum_20260514-123323: spectrum summary: {0.0: {'max_energy_err': 0.0, 'mean_energy_err': 0.0, 'Tmax': 4.796129198727847e-05, 'avg_A_8_13': 0.10735279271397177}, 10.0: {'max_energy_err': 0.0, 'mean_energy_err': 0.0, 'Tmax': 3.250627692245371e-05, 'avg_A_8_13': 0.10663654800149654}, 20.0: {'max_energy_err': 0.0, 'mean_energy_err': 0.0, 'Tmax': 1.59978008530942e-05, 'avg_A_8_13': 0.10625011075405894}, 30.0: {'max_energy_err': 0.0, 'mean_energy_err': 0.0, 'Tmax': 2.0152096154729086e-05, 'avg_A_8_13': 0.1052022619389899}, 'max_dR_across_alpha': 0.03695112669759437}
2026-05-14 12:34:02 [INFO] 03_slanted_groove_spectrum_20260514-123323: regression summary: {'max_dR': 0.0, 'max_dA': 0.0, 'tol': 0.05}
