2026-05-26 22:41:35 [INFO] 03_slanted_groove_spectrum_20260526-224135: 日志文件: /Users/luckydog/meep_sim/logs/03_slanted_groove_spectrum_20260526-224135.log
2026-05-26 22:41:35 [INFO] 03_slanted_groove_spectrum_20260526-224135: === 03_slanted_groove_spectrum ===
2026-05-26 22:41:35 [INFO] 03_slanted_groove_spectrum_20260526-224135: args = {'period': 10.0, 'top_width': 4.0, 'bottom_width': 4.0, 'depth': 3.0, 'tilt_angles': [0.0, 10.0, 20.0, 30.0], 'wavelength_min_um': 5.0, 'wavelength_max_um': 15.0, 'resolution': 32, 'pml_thickness_um': 2.0, 'substrate_thickness_um': 4.0, 'air_buffer_um': 8.0, 'nfreq': 121, 'no_regression': False}
2026-05-26 22:41:35 [INFO] 03_slanted_groove_spectrum_20260526-224135: geometry self-check: 所有顶点在单胞内；3/3 个 α 与基准产生几何差异。
2026-05-26 22:41:35 [INFO] 03_slanted_groove_spectrum_20260526-224135: geometry PNG → /Users/luckydog/meep_sim/results/figures/slanted_groove_geometry.png
2026-05-26 22:41:35 [INFO] 03_slanted_groove_spectrum_20260526-224135: >>> simulate α = 0°
2026-05-26 22:41:35 [INFO] 03_slanted_groove_spectrum_20260526-224135: [ref run] res=32, cell=(10.00, 18.00) μm, nfreq=121, fcen=0.1333, df=0.1333, comp=Ez
2026-05-26 22:41:37 [INFO] 03_slanted_groove_spectrum_20260526-224135: [ref run] done in 1.74 s, |input_flux| ∈ [4.548e-04, 3.604e+01]
2026-05-26 22:41:37 [INFO] 03_slanted_groove_spectrum_20260526-224135: [struct run] 2 objects in geometry (注入自 geometry_factory)
2026-05-26 22:41:43 [INFO] 03_slanted_groove_spectrum_20260526-224135: [struct run] done in 5.70 s
2026-05-26 22:41:43 [INFO] 03_slanted_groove_spectrum_20260526-224135: >>> simulate α = 10°
2026-05-26 22:41:43 [INFO] 03_slanted_groove_spectrum_20260526-224135: [ref run] res=32, cell=(10.00, 18.00) μm, nfreq=121, fcen=0.1333, df=0.1333, comp=Ez
2026-05-26 22:41:44 [INFO] 03_slanted_groove_spectrum_20260526-224135: [ref run] done in 1.77 s, |input_flux| ∈ [4.548e-04, 3.604e+01]
2026-05-26 22:41:45 [INFO] 03_slanted_groove_spectrum_20260526-224135: [struct run] 2 objects in geometry (注入自 geometry_factory)
2026-05-26 22:41:51 [INFO] 03_slanted_groove_spectrum_20260526-224135: [struct run] done in 5.90 s
2026-05-26 22:41:51 [INFO] 03_slanted_groove_spectrum_20260526-224135: >>> simulate α = 20°
2026-05-26 22:41:51 [INFO] 03_slanted_groove_spectrum_20260526-224135: [ref run] res=32, cell=(10.00, 18.00) μm, nfreq=121, fcen=0.1333, df=0.1333, comp=Ez
2026-05-26 22:41:52 [INFO] 03_slanted_groove_spectrum_20260526-224135: [ref run] done in 1.81 s, |input_flux| ∈ [4.548e-04, 3.604e+01]
2026-05-26 22:41:53 [INFO] 03_slanted_groove_spectrum_20260526-224135: [struct run] 2 objects in geometry (注入自 geometry_factory)
2026-05-26 22:41:59 [INFO] 03_slanted_groove_spectrum_20260526-224135: [struct run] done in 5.97 s
2026-05-26 22:41:59 [INFO] 03_slanted_groove_spectrum_20260526-224135: >>> simulate α = 30°
2026-05-26 22:41:59 [INFO] 03_slanted_groove_spectrum_20260526-224135: [ref run] res=32, cell=(10.00, 18.00) μm, nfreq=121, fcen=0.1333, df=0.1333, comp=Ez
2026-05-26 22:42:00 [INFO] 03_slanted_groove_spectrum_20260526-224135: [ref run] done in 1.87 s, |input_flux| ∈ [4.548e-04, 3.604e+01]
2026-05-26 22:42:01 [INFO] 03_slanted_groove_spectrum_20260526-224135: [struct run] 2 objects in geometry (注入自 geometry_factory)
2026-05-26 22:42:07 [INFO] 03_slanted_groove_spectrum_20260526-224135: [struct run] done in 6.10 s
2026-05-26 22:42:07 [WARNING] 03_slanted_groove_spectrum_20260526-224135: α=0° 存在 R/T/A 超出物理范围的频点: {'reflectance': 1, 'transmittance': 0, 'absorptance': 1}。常见原因是材料外推波段、源边缘信噪比或收敛不足。
2026-05-26 22:42:07 [INFO] 03_slanted_groove_spectrum_20260526-224135: self-check α=0°  max|R+T+A-1|=0.00e+00  Tmax=4.80e-05  range={'reflectance': 1, 'transmittance': 0, 'absorptance': 1}  <A>_{8-13}=0.107  <A>_{8-12.398 valid}=0.110
2026-05-26 22:42:07 [WARNING] 03_slanted_groove_spectrum_20260526-224135: α=10° 存在 R/T/A 超出物理范围的频点: {'reflectance': 1, 'transmittance': 0, 'absorptance': 1}。常见原因是材料外推波段、源边缘信噪比或收敛不足。
2026-05-26 22:42:07 [INFO] 03_slanted_groove_spectrum_20260526-224135: self-check α=10°  max|R+T+A-1|=0.00e+00  Tmax=3.25e-05  range={'reflectance': 1, 'transmittance': 0, 'absorptance': 1}  <A>_{8-13}=0.107  <A>_{8-12.398 valid}=0.109
2026-05-26 22:42:07 [INFO] 03_slanted_groove_spectrum_20260526-224135: self-check α=20°  max|R+T+A-1|=0.00e+00  Tmax=1.60e-05  range={'reflectance': 0, 'transmittance': 0, 'absorptance': 0}  <A>_{8-13}=0.106  <A>_{8-12.398 valid}=0.109
2026-05-26 22:42:07 [INFO] 03_slanted_groove_spectrum_20260526-224135: self-check α=30°  max|R+T+A-1|=0.00e+00  Tmax=2.04e-05  range={'reflectance': 0, 'transmittance': 0, 'absorptance': 0}  <A>_{8-13}=0.105  <A>_{8-12.398 valid}=0.108
2026-05-26 22:42:07 [WARNING] 03_slanted_groove_spectrum_20260526-224135: 当前最大波长 15.000 μm 超出 Ti Rakić 模型标定上限 12.398 μm；建议把定量结论限制在有效波段，或替换为覆盖目标波段的光学常数。
2026-05-26 22:42:07 [INFO] 03_slanted_groove_spectrum_20260526-224135: spectrum self-check: max|ΔR| across α = 3.695e-02
2026-05-26 22:42:07 [INFO] 03_slanted_groove_spectrum_20260526-224135: >>> regression: α=0° (prism) vs rectangular (block)
2026-05-26 22:42:07 [INFO] 03_slanted_groove_spectrum_20260526-224135: [ref run] res=32, cell=(10.00, 18.00) μm, nfreq=121, fcen=0.1333, df=0.1333, comp=Ez
2026-05-26 22:42:09 [INFO] 03_slanted_groove_spectrum_20260526-224135: [ref run] done in 1.85 s, |input_flux| ∈ [4.548e-04, 3.604e+01]
2026-05-26 22:42:09 [INFO] 03_slanted_groove_spectrum_20260526-224135: [struct run] 2 objects in geometry (注入自 geometry_factory)
2026-05-26 22:42:15 [INFO] 03_slanted_groove_spectrum_20260526-224135: [struct run] done in 6.01 s
2026-05-26 22:42:15 [INFO] 03_slanted_groove_spectrum_20260526-224135: regression α=0° vs rectangular: max|ΔR|=0.000e+00  max|ΔA|=0.000e+00  (tol=0.05)
2026-05-26 22:42:15 [INFO] 03_slanted_groove_spectrum_20260526-224135: CSV → /Users/luckydog/meep_sim/results/tables/slanted_groove_spectra.csv  (rows=484)
2026-05-26 22:42:15 [INFO] 03_slanted_groove_spectrum_20260526-224135: comparison PNG → /Users/luckydog/meep_sim/results/figures/slanted_groove_angle_comparison.png
2026-05-26 22:42:15 [INFO] 03_slanted_groove_spectrum_20260526-224135: === done; total walltime = 30.9 s ===
2026-05-26 22:42:15 [INFO] 03_slanted_groove_spectrum_20260526-224135: spectrum summary: {0.0: {'max_energy_err': 0.0, 'mean_energy_err': 0.0, 'Tmax': 4.796129198727847e-05, 'range_violations': {'reflectance': 1, 'transmittance': 0, 'absorptance': 1}, 'avg_A_8_13': 0.10737707805583678, 'avg_A_8_valid': 0.11007151842749086}, 10.0: {'max_energy_err': 0.0, 'mean_energy_err': 0.0, 'Tmax': 3.250627692245371e-05, 'range_violations': {'reflectance': 1, 'transmittance': 0, 'absorptance': 1}, 'avg_A_8_13': 0.10665079038385165, 'avg_A_8_valid': 0.10926776418874207}, 20.0: {'max_energy_err': 0.0, 'mean_energy_err': 0.0, 'Tmax': 1.59978008530942e-05, 'range_violations': {'reflectance': 0, 'transmittance': 0, 'absorptance': 0}, 'avg_A_8_13': 0.10625659835452593, 'avg_A_8_valid': 0.10878583031564748}, 30.0: {'max_energy_err': 0.0, 'mean_energy_err': 0.0, 'Tmax': 2.0391119127718285e-05, 'range_violations': {'reflectance': 0, 'transmittance': 0, 'absorptance': 0}, 'avg_A_8_13': 0.10519859356512427, 'avg_A_8_valid': 0.10756831795078665}, 'max_dR_across_alpha': 0.03695112669759437}
2026-05-26 22:42:15 [INFO] 03_slanted_groove_spectrum_20260526-224135: regression summary: {'max_dR': 0.0, 'max_dA': 0.0, 'tol': 0.05}
