2026-05-14 15:46:02 [INFO] 04_angle_resolved_emission_20260514-154602: 日志文件: /Users/luckydog/meep_sim/logs/04_angle_resolved_emission_20260514-154602.log
2026-05-14 15:46:02 [INFO] 04_angle_resolved_emission_20260514-154602: === 04_angle_resolved_emission ===
2026-05-14 15:46:02 [INFO] 04_angle_resolved_emission_20260514-154602: args = {'period': 10.0, 'top_width': 4.0, 'bottom_width': 4.0, 'depth': 3.0, 'tilt_angles': [0.0, 20.0], 'wavelengths': [8.0, 10.0, 12.0], 'angle_min': -90.0, 'angle_max': 90.0, 'angle_step': 2.0, 'resolution': 32, 'pml_thickness_um': 2.0, 'substrate_thickness_um': 4.0, 'air_buffer_um': 8.0, 'nperiods': 10, 'r_far_um': 1000.0, 'src_fractional_bw': 0.05}
2026-05-14 15:46:02 [INFO] 04_angle_resolved_emission_20260514-154602: angles: 91 个点 ∈ [-90.0, 90.0] step 2.0°
2026-05-14 15:46:02 [INFO] 04_angle_resolved_emission_20260514-154602: ============ wavelength = 8.00 μm ============
2026-05-14 15:46:02 [INFO] 04_angle_resolved_emission_20260514-154602: [ref] fcen=0.1250, df=0.0063, cell_y=18.00 μm
2026-05-14 15:46:29 [INFO] 04_angle_resolved_emission_20260514-154602: [ref λ=8.0μm] done in 27.44 s
2026-05-14 15:47:51 [INFO] 04_angle_resolved_emission_20260514-154602: [struct λ=8.0μm α=0.0°] done in 81.25 s
2026-05-14 15:47:51 [INFO] 04_angle_resolved_emission_20260514-154602: λ=8 α=0: scattered_flux=1.384e+04, R=0.865
2026-05-14 15:49:18 [INFO] 04_angle_resolved_emission_20260514-154602: [struct λ=8.0μm α=20.0°] done in 86.90 s
2026-05-14 15:49:18 [INFO] 04_angle_resolved_emission_20260514-154602: λ=8 α=20: scattered_flux=1.386e+04, R=0.866
2026-05-14 15:49:18 [INFO] 04_angle_resolved_emission_20260514-154602: ============ wavelength = 10.00 μm ============
2026-05-14 15:49:18 [INFO] 04_angle_resolved_emission_20260514-154602: [ref] fcen=0.1000, df=0.0050, cell_y=18.00 μm
2026-05-14 15:49:58 [INFO] 04_angle_resolved_emission_20260514-154602: [ref λ=10.0μm] done in 39.52 s
2026-05-14 15:51:59 [INFO] 04_angle_resolved_emission_20260514-154602: [struct λ=10.0μm α=0.0°] done in 120.76 s
2026-05-14 15:51:59 [INFO] 04_angle_resolved_emission_20260514-154602: λ=10 α=0: scattered_flux=2.217e+04, R=0.887
2026-05-14 15:54:06 [INFO] 04_angle_resolved_emission_20260514-154602: [struct λ=10.0μm α=20.0°] done in 126.37 s
2026-05-14 15:54:06 [INFO] 04_angle_resolved_emission_20260514-154602: λ=10 α=20: scattered_flux=2.222e+04, R=0.889
2026-05-14 15:54:06 [INFO] 04_angle_resolved_emission_20260514-154602: ============ wavelength = 12.00 μm ============
2026-05-14 15:54:06 [INFO] 04_angle_resolved_emission_20260514-154602: [ref] fcen=0.0833, df=0.0042, cell_y=18.00 μm
2026-05-14 15:54:54 [INFO] 04_angle_resolved_emission_20260514-154602: [ref λ=12.0μm] done in 48.33 s
2026-05-14 15:57:23 [INFO] 04_angle_resolved_emission_20260514-154602: [struct λ=12.0μm α=0.0°] done in 148.90 s
2026-05-14 15:57:23 [INFO] 04_angle_resolved_emission_20260514-154602: λ=12 α=0: scattered_flux=3.286e+04, R=0.913
2026-05-14 15:59:47 [INFO] 04_angle_resolved_emission_20260514-154602: [struct λ=12.0μm α=20.0°] done in 142.97 s
2026-05-14 15:59:47 [INFO] 04_angle_resolved_emission_20260514-154602: λ=12 α=20: scattered_flux=3.288e+04, R=0.913
2026-05-14 15:59:47 [WARNING] 04_angle_resolved_emission_20260514-154602: (tilt=0°, λ=8): max|ΔI_norm|=0.733 超过平滑阈值 0.50，可能 nperiods 太大产生窄 lobes 或角度采样不足。
2026-05-14 15:59:47 [INFO] 04_angle_resolved_emission_20260514-154602: self-check (tilt=0, λ=8): symmetry err = 9.883e-15 ✓
2026-05-14 15:59:47 [INFO] 04_angle_resolved_emission_20260514-154602: (tilt=0°, λ=8): ∫I dθ = 2.902e+02 (a.u.) ; near-field |scattered_flux| = 1.384e+04 ; ratio = 2.097e-02
2026-05-14 15:59:47 [WARNING] 04_angle_resolved_emission_20260514-154602: (tilt=20°, λ=8): max|ΔI_norm|=0.605 超过平滑阈值 0.50，可能 nperiods 太大产生窄 lobes 或角度采样不足。
2026-05-14 15:59:47 [INFO] 04_angle_resolved_emission_20260514-154602: self-check (tilt=20°, λ=8): asymmetry err = 2.135e-02 (允许 ≠ 0)
2026-05-14 15:59:47 [INFO] 04_angle_resolved_emission_20260514-154602: (tilt=20°, λ=8): ∫I dθ = 2.908e+02 (a.u.) ; near-field |scattered_flux| = 1.386e+04 ; ratio = 2.099e-02
2026-05-14 15:59:47 [INFO] 04_angle_resolved_emission_20260514-154602: self-check (tilt=0, λ=10): symmetry err = 5.210e-15 ✓
2026-05-14 15:59:47 [INFO] 04_angle_resolved_emission_20260514-154602: (tilt=0°, λ=10): ∫I dθ = 4.639e+02 (a.u.) ; near-field |scattered_flux| = 2.217e+04 ; ratio = 2.093e-02
2026-05-14 15:59:47 [INFO] 04_angle_resolved_emission_20260514-154602: self-check (tilt=20°, λ=10): asymmetry err = 1.352e-03 (允许 ≠ 0)
2026-05-14 15:59:47 [INFO] 04_angle_resolved_emission_20260514-154602: (tilt=20°, λ=10): ∫I dθ = 4.653e+02 (a.u.) ; near-field |scattered_flux| = 2.222e+04 ; ratio = 2.094e-02
2026-05-14 15:59:47 [INFO] 04_angle_resolved_emission_20260514-154602: self-check (tilt=0, λ=12): symmetry err = 5.580e-15 ✓
2026-05-14 15:59:47 [INFO] 04_angle_resolved_emission_20260514-154602: (tilt=0°, λ=12): ∫I dθ = 6.888e+02 (a.u.) ; near-field |scattered_flux| = 3.286e+04 ; ratio = 2.096e-02
2026-05-14 15:59:47 [INFO] 04_angle_resolved_emission_20260514-154602: self-check (tilt=20°, λ=12): asymmetry err = 1.515e-04 (允许 ≠ 0)
2026-05-14 15:59:47 [INFO] 04_angle_resolved_emission_20260514-154602: (tilt=20°, λ=12): ∫I dθ = 6.892e+02 (a.u.) ; near-field |scattered_flux| = 3.288e+04 ; ratio = 2.096e-02
2026-05-14 15:59:47 [INFO] 04_angle_resolved_emission_20260514-154602: metrics: tilt=0°  λ=8 μm  θ_max=2.00°  F/B=1.000  HPBW=7.30°
2026-05-14 15:59:47 [INFO] 04_angle_resolved_emission_20260514-154602: metrics: tilt=20°  λ=8 μm  θ_max=-2.00°  F/B=1.003  HPBW=7.30°
2026-05-14 15:59:47 [INFO] 04_angle_resolved_emission_20260514-154602: metrics: tilt=0°  λ=10 μm  θ_max=0.00°  F/B=1.000  HPBW=8.13°
2026-05-14 15:59:47 [INFO] 04_angle_resolved_emission_20260514-154602: metrics: tilt=20°  λ=10 μm  θ_max=0.00°  F/B=1.000  HPBW=8.13°
2026-05-14 15:59:47 [INFO] 04_angle_resolved_emission_20260514-154602: metrics: tilt=0°  λ=12 μm  θ_max=0.00°  F/B=1.000  HPBW=5.83°
2026-05-14 15:59:47 [INFO] 04_angle_resolved_emission_20260514-154602: metrics: tilt=20°  λ=12 μm  θ_max=0.00°  F/B=1.000  HPBW=5.83°
2026-05-14 15:59:47 [INFO] 04_angle_resolved_emission_20260514-154602: emission CSV → /Users/luckydog/meep_sim/results/tables/angle_resolved_emission.csv  (rows=546)
2026-05-14 15:59:47 [INFO] 04_angle_resolved_emission_20260514-154602: metrics CSV  → /Users/luckydog/meep_sim/results/tables/angle_resolved_metrics.csv  (rows=6)
2026-05-14 15:59:47 [INFO] 04_angle_resolved_emission_20260514-154602: cartesian PNG → /Users/luckydog/meep_sim/results/figures/angle_resolved_cartesian.png
2026-05-14 15:59:47 [INFO] 04_angle_resolved_emission_20260514-154602: polar PNG     → /Users/luckydog/meep_sim/results/figures/angle_resolved_polar.png
2026-05-14 15:59:47 [INFO] 04_angle_resolved_emission_20260514-154602: === done; total Meep walltime = 709.5 s ===
2026-05-14 15:59:47 [INFO] 04_angle_resolved_emission_20260514-154602: self-check summary: {(0.0, 8.0): {'max_jump_normalized': 0.7328626502301561, 'symmetry_err': 9.882810191155156e-15, 'far_field_integral_au': 290.20588207996167, 'far_to_near_ratio_au': 0.02097379427853774}, (20.0, 8.0): {'max_jump_normalized': 0.6050826316788291, 'symmetry_err': 0.021348355385773066, 'far_field_integral_au': 290.8267977785925, 'far_to_near_ratio_au': 0.020988293737337137}, (0.0, 10.0): {'max_jump_normalized': 0.3078958854765702, 'symmetry_err': 5.210358622394936e-15, 'far_field_integral_au': 463.92637203057683, 'far_to_near_ratio_au': 0.020925581874023574}, (20.0, 10.0): {'max_jump_normalized': 0.3083210786520733, 'symmetry_err': 0.0013517102920016138, 'far_field_integral_au': 465.2754374990972, 'far_to_near_ratio_au': 0.020938775210127172}, (0.0, 12.0): {'max_jump_normalized': 0.45383466497224967, 'symmetry_err': 5.579756885133274e-15, 'far_field_integral_au': 688.7875787465956, 'far_to_near_ratio_au': 0.020960785769991736}, (20.0, 12.0): {'max_jump_normalized': 0.45389603113994936, 'symmetry_err': 0.0001514896332886355, 'far_field_integral_au': 689.2183294546415, 'far_to_near_ratio_au': 0.020959505527229787}}
