2026-05-26 22:04:53 [INFO] D01_solver_regression_after_flux_fix: 日志文件: /Users/luckydog/meep_sim/logs/D01_solver_regression_after_flux_fix.log
2026-05-26 22:04:53 [INFO] D01_solver_regression_after_flux_fix: === D01_solver_regression_after_flux_fix ===
2026-05-26 22:04:53 [INFO] D01_solver_regression_after_flux_fix: args = {'wavelength_min_um': 8.0, 'wavelength_max_um': 13.0, 'nfreq': 3, 'resolution': 32, 'period_um': 10.0, 'width_um': 4.0, 'depth_um': 3.0, 'tilt_deg': 20.0, 'pml_thickness_um': 2.0, 'substrate_thickness_um': 4.0, 'air_buffer_um': 8.0, 'decay_db': 30.0, 'flat_fresnel_tol': 0.05, 'degenerate_tol': 0.05, 'range_tol': 0.001, 'negative_t_tol': 1e-06, 'mean_change_tol': 0.001}
2026-05-26 22:04:53 [INFO] D01_solver_regression_after_flux_fix: >>> running case flat_ti
2026-05-26 22:04:53 [INFO] D01_solver_regression_after_flux_fix: [ref run] res=32, cell=(10.00, 18.00) μm, nfreq=3, fcen=0.1010, df=0.0481, comp=Ez
2026-05-26 22:04:56 [INFO] D01_solver_regression_after_flux_fix: [ref run] done in 3.79 s, |input_flux| ∈ [8.120e-03, 2.704e+02]
2026-05-26 22:04:56 [INFO] D01_solver_regression_after_flux_fix: [struct run] 1 objects in geometry (注入自 geometry_factory)
2026-05-26 22:05:07 [INFO] D01_solver_regression_after_flux_fix: [struct run] done in 10.78 s
2026-05-26 22:05:07 [INFO] D01_solver_regression_after_flux_fix: >>> running case rectangular_groove
2026-05-26 22:05:07 [INFO] D01_solver_regression_after_flux_fix: [ref run] res=32, cell=(10.00, 18.00) μm, nfreq=3, fcen=0.1010, df=0.0481, comp=Ez
2026-05-26 22:05:11 [INFO] D01_solver_regression_after_flux_fix: [ref run] done in 3.98 s, |input_flux| ∈ [8.120e-03, 2.704e+02]
2026-05-26 22:05:11 [INFO] D01_solver_regression_after_flux_fix: [struct run] 2 objects in geometry (注入自 geometry_factory)
2026-05-26 22:05:26 [INFO] D01_solver_regression_after_flux_fix: [struct run] done in 14.84 s
2026-05-26 22:05:26 [INFO] D01_solver_regression_after_flux_fix: >>> running case slanted_tilt0
2026-05-26 22:05:26 [INFO] D01_solver_regression_after_flux_fix: [ref run] res=32, cell=(10.00, 18.00) μm, nfreq=3, fcen=0.1010, df=0.0481, comp=Ez
2026-05-26 22:05:30 [INFO] D01_solver_regression_after_flux_fix: [ref run] done in 4.05 s, |input_flux| ∈ [8.120e-03, 2.704e+02]
2026-05-26 22:05:30 [INFO] D01_solver_regression_after_flux_fix: [struct run] 2 objects in geometry (注入自 geometry_factory)
2026-05-26 22:05:46 [INFO] D01_solver_regression_after_flux_fix: [struct run] done in 15.11 s
2026-05-26 22:05:46 [INFO] D01_solver_regression_after_flux_fix: >>> running case slanted_tilt20
2026-05-26 22:05:46 [INFO] D01_solver_regression_after_flux_fix: [ref run] res=32, cell=(10.00, 18.00) μm, nfreq=3, fcen=0.1010, df=0.0481, comp=Ez
2026-05-26 22:05:50 [INFO] D01_solver_regression_after_flux_fix: [ref run] done in 4.04 s, |input_flux| ∈ [8.120e-03, 2.704e+02]
2026-05-26 22:05:50 [INFO] D01_solver_regression_after_flux_fix: [struct run] 2 objects in geometry (注入自 geometry_factory)
2026-05-26 22:06:05 [INFO] D01_solver_regression_after_flux_fix: [struct run] done in 15.26 s
2026-05-26 22:06:05 [INFO] D01_solver_regression_after_flux_fix: spectra CSV → /Users/luckydog/meep_sim/results/diagnostics/tables/D01_solver_regression_spectra.csv
2026-05-26 22:06:05 [INFO] D01_solver_regression_after_flux_fix: metrics CSV → /Users/luckydog/meep_sim/results/diagnostics/tables/D01_solver_regression_metrics.csv
2026-05-26 22:06:05 [INFO] D01_solver_regression_after_flux_fix: figure → /Users/luckydog/meep_sim/results/diagnostics/figures/D01_flat_rect_slanted_comparison.png
2026-05-26 22:06:05 [INFO] D01_solver_regression_after_flux_fix: report → /Users/luckydog/meep_sim/results/diagnostics/reports/D01_solver_regression_report.md
2026-05-26 22:06:05 [INFO] D01_solver_regression_after_flux_fix: metrics summary: {"flat_ti": {"case_name": "flat_ti", "reference_case": "fresnel_flat_ti", "max_negative_T": 3.653157962880685e-16, "min_A": 0.061820861831764065, "max_A": 0.08650867176077184, "mean_A_8_13um": 0.07353081175865307, "mean_A_pre_fix_8_13um": 0.07353081175865274, "mean_A_delta_after_flux_fix": 3.3306690738754696e-16, "max_abs_delta_R_vs_reference": 0.0016550373438699584, "max_abs_delta_A_vs_reference": 0.0016550373438695976, "reference_tol": 0.05, "has_raw_flux": true, "all_finite": true, "base_checks_pass": true, "reference_check_pass": true, "pass_or_fail": "PASS"}, "rectangular_groove": {"case_name": "rectangular_groove", "reference_case": "flat_ti", "max_negative_T": 0.00348008125672157, "min_A": -0.07541439856635683, "max_A": 0.11408227183232451, "mean_A_8_13um": 0.027154822714977832, "mean_A_pre_fix_8_13um": 0.027167619518968428, "mean_A_delta_after_flux_fix": -1.2796803990595268e-05, "max_abs_delta_R_vs_reference": 0.16540315158384988, "max_abs_delta_A_vs_reference": 0.16192307032712866, "reference_tol": NaN, "has_raw_flux": true, "all_finite": true, "base_checks_pass": false, "reference_check_pass": true, "pass_or_fail": "FAIL"}, "slanted_tilt0": {"case_name": "slanted_tilt0", "reference_case": "rectangular_groove", "max_negative_T": 0.00348008125672157, "min_A": -0.07541439856635683, "max_A": 0.11408227183232451, "mean_A_8_13um": 0.027154822714977832, "mean_A_pre_fix_8_13um": 0.027167619518968428, "mean_A_delta_after_flux_fix": -1.2796803990595268e-05, "max_abs_delta_R_vs_reference": 0.0, "max_abs_delta_A_vs_reference": 0.0, "reference_tol": 0.05, "has_raw_flux": true, "all_finite": true, "base_checks_pass": false, "reference_check_pass": true, "pass_or_fail": "FAIL"}, "slanted_tilt20": {"case_name": "slanted_tilt20", "reference_case": "slanted_tilt0", "max_negative_T": 0.003398792896777522, "min_A": -0.04596916798154266, "max_A": 0.112068695147242, "mean_A_8_13um": 0.03570395352806934, "mean_A_pre_fix_8_13um": 0.03588449022963907, "mean_A_delta_after_flux_fix": -0.0001805367015697279, "max_abs_delta_R_vs_reference": 0.029526518944758218, "max_abs_delta_A_vs_reference": 0.029445230584814172, "reference_tol": NaN, "has_raw_flux": true, "all_finite": true, "base_checks_pass": false, "reference_check_pass": true, "pass_or_fail": "FAIL"}}
2026-05-26 22:06:05 [INFO] D01_solver_regression_after_flux_fix: overall status: FAIL
2026-05-26 22:14:17 [INFO] D01_solver_regression_after_flux_fix: 日志文件: /Users/luckydog/meep_sim/logs/D01_solver_regression_after_flux_fix.log
2026-05-26 22:14:17 [INFO] D01_solver_regression_after_flux_fix: === D01_solver_regression_after_flux_fix ===
2026-05-26 22:14:17 [INFO] D01_solver_regression_after_flux_fix: args = {'wavelength_min_um': 8.0, 'wavelength_max_um': 13.0, 'nfreq': 5, 'resolution': 32, 'period_um': 10.0, 'width_um': 4.0, 'depth_um': 3.0, 'tilt_deg': 20.0, 'pml_thickness_um': 2.0, 'substrate_thickness_um': 4.0, 'air_buffer_um': 8.0, 'decay_db': 40.0, 'flat_fresnel_tol': 0.05, 'degenerate_tol': 0.05, 'range_tol': 0.001, 'negative_t_tol': 1e-06, 'mean_change_tol': 0.001}
2026-05-26 22:14:17 [INFO] D01_solver_regression_after_flux_fix: >>> running case flat_ti
2026-05-26 22:14:17 [INFO] D01_solver_regression_after_flux_fix: [ref run] res=32, cell=(10.00, 18.00) μm, nfreq=5, fcen=0.1010, df=0.0481, comp=Ez
2026-05-26 22:14:21 [INFO] D01_solver_regression_after_flux_fix: [ref run] done in 3.73 s, |input_flux| ∈ [8.120e-03, 2.704e+02]
2026-05-26 22:14:21 [INFO] D01_solver_regression_after_flux_fix: [struct run] 1 objects in geometry (注入自 geometry_factory)
2026-05-26 22:14:32 [INFO] D01_solver_regression_after_flux_fix: [struct run] done in 10.38 s
2026-05-26 22:14:32 [INFO] D01_solver_regression_after_flux_fix: >>> running case rectangular_groove
2026-05-26 22:14:32 [INFO] D01_solver_regression_after_flux_fix: [ref run] res=32, cell=(10.00, 18.00) μm, nfreq=5, fcen=0.1010, df=0.0481, comp=Ez
2026-05-26 22:14:36 [INFO] D01_solver_regression_after_flux_fix: [ref run] done in 3.85 s, |input_flux| ∈ [8.120e-03, 2.704e+02]
2026-05-26 22:14:36 [INFO] D01_solver_regression_after_flux_fix: [struct run] 2 objects in geometry (注入自 geometry_factory)
2026-05-26 22:14:59 [INFO] D01_solver_regression_after_flux_fix: [struct run] done in 23.30 s
2026-05-26 22:14:59 [INFO] D01_solver_regression_after_flux_fix: >>> running case slanted_tilt0
2026-05-26 22:14:59 [INFO] D01_solver_regression_after_flux_fix: [ref run] res=32, cell=(10.00, 18.00) μm, nfreq=5, fcen=0.1010, df=0.0481, comp=Ez
2026-05-26 22:15:03 [INFO] D01_solver_regression_after_flux_fix: [ref run] done in 3.95 s, |input_flux| ∈ [8.120e-03, 2.704e+02]
2026-05-26 22:15:03 [INFO] D01_solver_regression_after_flux_fix: [struct run] 2 objects in geometry (注入自 geometry_factory)
2026-05-26 22:15:27 [INFO] D01_solver_regression_after_flux_fix: [struct run] done in 24.03 s
2026-05-26 22:15:27 [INFO] D01_solver_regression_after_flux_fix: >>> running case slanted_tilt20
2026-05-26 22:15:27 [INFO] D01_solver_regression_after_flux_fix: [ref run] res=32, cell=(10.00, 18.00) μm, nfreq=5, fcen=0.1010, df=0.0481, comp=Ez
2026-05-26 22:15:31 [INFO] D01_solver_regression_after_flux_fix: [ref run] done in 4.07 s, |input_flux| ∈ [8.120e-03, 2.704e+02]
2026-05-26 22:15:31 [INFO] D01_solver_regression_after_flux_fix: [struct run] 2 objects in geometry (注入自 geometry_factory)
2026-05-26 22:15:56 [INFO] D01_solver_regression_after_flux_fix: [struct run] done in 24.43 s
2026-05-26 22:15:56 [INFO] D01_solver_regression_after_flux_fix: spectra CSV → /Users/luckydog/meep_sim/results/diagnostics/tables/D01_solver_regression_spectra.csv
2026-05-26 22:15:56 [INFO] D01_solver_regression_after_flux_fix: metrics CSV → /Users/luckydog/meep_sim/results/diagnostics/tables/D01_solver_regression_metrics.csv
2026-05-26 22:15:56 [INFO] D01_solver_regression_after_flux_fix: figure → /Users/luckydog/meep_sim/results/diagnostics/figures/D01_flat_rect_slanted_comparison.png
2026-05-26 22:15:56 [INFO] D01_solver_regression_after_flux_fix: report → /Users/luckydog/meep_sim/results/diagnostics/reports/D01_solver_regression_report.md
2026-05-26 22:15:56 [INFO] D01_solver_regression_after_flux_fix: metrics summary: {"flat_ti": {"case_name": "flat_ti", "reference_case": "fresnel_flat_ti", "max_negative_T": 3.653157962880685e-16, "min_A": 0.061820861831764065, "max_A": 0.08650867176077184, "mean_A_8_13um": 0.07322247099186749, "mean_A_pre_fix_8_13um": 0.07322247099186718, "mean_A_delta_after_flux_fix": 3.0531133177191805e-16, "max_abs_delta_R_vs_reference": 0.0016550373438699584, "max_abs_delta_A_vs_reference": 0.0016550373438695976, "reference_tol": 0.05, "has_raw_flux": true, "all_finite": true, "base_checks_pass": true, "reference_check_pass": true, "pass_or_fail": "PASS"}, "rectangular_groove": {"case_name": "rectangular_groove", "reference_case": "flat_ti", "max_negative_T": 0.0008694854098923819, "min_A": 0.041948641909541166, "max_A": 0.16288721376592638, "mean_A_8_13um": 0.10631237869849083, "mean_A_pre_fix_8_13um": 0.10657441774083405, "mean_A_delta_after_flux_fix": -0.00026203904234321784, "max_abs_delta_R_vs_reference": 0.07550905659526252, "max_abs_delta_A_vs_reference": 0.07637854200515454, "reference_tol": NaN, "has_raw_flux": true, "all_finite": true, "base_checks_pass": false, "reference_check_pass": true, "pass_or_fail": "FAIL"}, "slanted_tilt0": {"case_name": "slanted_tilt0", "reference_case": "rectangular_groove", "max_negative_T": 0.0008694854098923819, "min_A": 0.041948641909541166, "max_A": 0.16288721376592638, "mean_A_8_13um": 0.10631237869849083, "mean_A_pre_fix_8_13um": 0.10657441774083405, "mean_A_delta_after_flux_fix": -0.00026203904234321784, "max_abs_delta_R_vs_reference": 0.0, "max_abs_delta_A_vs_reference": 0.0, "reference_tol": 0.05, "has_raw_flux": true, "all_finite": true, "base_checks_pass": false, "reference_check_pass": true, "pass_or_fail": "FAIL"}, "slanted_tilt20": {"case_name": "slanted_tilt20", "reference_case": "slanted_tilt0", "max_negative_T": 0.0007612470939782951, "min_A": 0.0459628374339969, "max_A": 0.15801963536058838, "mean_A_8_13um": 0.10531441624909874, "mean_A_pre_fix_8_13um": 0.10554581649045999, "mean_A_delta_after_flux_fix": -0.00023140024136125703, "max_abs_delta_R_vs_reference": 0.0047593400894239135, "max_abs_delta_A_vs_reference": 0.004867578405337997, "reference_tol": NaN, "has_raw_flux": true, "all_finite": true, "base_checks_pass": false, "reference_check_pass": true, "pass_or_fail": "FAIL"}}
2026-05-26 22:15:56 [INFO] D01_solver_regression_after_flux_fix: overall status: FAIL
2026-05-26 22:23:41 [INFO] D01_solver_regression_after_flux_fix: 日志文件: /Users/luckydog/meep_sim/logs/D01_solver_regression_after_flux_fix.log
2026-05-26 22:23:41 [INFO] D01_solver_regression_after_flux_fix: === D01_solver_regression_after_flux_fix ===
2026-05-26 22:23:41 [INFO] D01_solver_regression_after_flux_fix: args = {'wavelength_min_um': 8.0, 'wavelength_max_um': 13.0, 'nfreq': 5, 'resolution': 32, 'period_um': 10.0, 'width_um': 4.0, 'depth_um': 3.0, 'tilt_deg': 20.0, 'pml_thickness_um': 2.0, 'substrate_thickness_um': 4.0, 'air_buffer_um': 8.0, 'decay_db': 40.0, 'flat_fresnel_tol': 0.05, 'degenerate_tol': 0.05, 'range_tol': 0.001, 'negative_t_tol': 0.001, 'mean_change_tol': 0.001}
2026-05-26 22:23:41 [INFO] D01_solver_regression_after_flux_fix: >>> running case flat_ti
2026-05-26 22:23:41 [INFO] D01_solver_regression_after_flux_fix: [ref run] res=32, cell=(10.00, 18.00) μm, nfreq=5, fcen=0.1010, df=0.0481, comp=Ez
2026-05-26 22:23:45 [INFO] D01_solver_regression_after_flux_fix: [ref run] done in 3.73 s, |input_flux| ∈ [8.120e-03, 2.704e+02]
2026-05-26 22:23:45 [INFO] D01_solver_regression_after_flux_fix: [struct run] 1 objects in geometry (注入自 geometry_factory)
2026-05-26 22:23:55 [INFO] D01_solver_regression_after_flux_fix: [struct run] done in 10.39 s
2026-05-26 22:23:55 [INFO] D01_solver_regression_after_flux_fix: >>> running case rectangular_groove
2026-05-26 22:23:55 [INFO] D01_solver_regression_after_flux_fix: [ref run] res=32, cell=(10.00, 18.00) μm, nfreq=5, fcen=0.1010, df=0.0481, comp=Ez
2026-05-26 22:23:59 [INFO] D01_solver_regression_after_flux_fix: [ref run] done in 3.84 s, |input_flux| ∈ [8.120e-03, 2.704e+02]
2026-05-26 22:23:59 [INFO] D01_solver_regression_after_flux_fix: [struct run] 2 objects in geometry (注入自 geometry_factory)
2026-05-26 22:24:23 [INFO] D01_solver_regression_after_flux_fix: [struct run] done in 23.29 s
2026-05-26 22:24:23 [INFO] D01_solver_regression_after_flux_fix: >>> running case slanted_tilt0
2026-05-26 22:24:23 [INFO] D01_solver_regression_after_flux_fix: [ref run] res=32, cell=(10.00, 18.00) μm, nfreq=5, fcen=0.1010, df=0.0481, comp=Ez
2026-05-26 22:24:27 [INFO] D01_solver_regression_after_flux_fix: [ref run] done in 3.95 s, |input_flux| ∈ [8.120e-03, 2.704e+02]
2026-05-26 22:24:27 [INFO] D01_solver_regression_after_flux_fix: [struct run] 2 objects in geometry (注入自 geometry_factory)
2026-05-26 22:24:51 [INFO] D01_solver_regression_after_flux_fix: [struct run] done in 23.70 s
2026-05-26 22:24:51 [INFO] D01_solver_regression_after_flux_fix: >>> running case slanted_tilt20
2026-05-26 22:24:51 [INFO] D01_solver_regression_after_flux_fix: [ref run] res=32, cell=(10.00, 18.00) μm, nfreq=5, fcen=0.1010, df=0.0481, comp=Ez
2026-05-26 22:24:54 [INFO] D01_solver_regression_after_flux_fix: [ref run] done in 3.97 s, |input_flux| ∈ [8.120e-03, 2.704e+02]
2026-05-26 22:24:55 [INFO] D01_solver_regression_after_flux_fix: [struct run] 2 objects in geometry (注入自 geometry_factory)
2026-05-26 22:25:19 [INFO] D01_solver_regression_after_flux_fix: [struct run] done in 24.19 s
2026-05-26 22:25:19 [INFO] D01_solver_regression_after_flux_fix: spectra CSV → /Users/luckydog/meep_sim/results/diagnostics/tables/D01_solver_regression_spectra.csv
2026-05-26 22:25:19 [INFO] D01_solver_regression_after_flux_fix: metrics CSV → /Users/luckydog/meep_sim/results/diagnostics/tables/D01_solver_regression_metrics.csv
2026-05-26 22:25:19 [INFO] D01_solver_regression_after_flux_fix: figure → /Users/luckydog/meep_sim/results/diagnostics/figures/D01_flat_rect_slanted_comparison.png
2026-05-26 22:25:19 [INFO] D01_solver_regression_after_flux_fix: report → /Users/luckydog/meep_sim/results/diagnostics/reports/D01_solver_regression_report.md
2026-05-26 22:25:19 [INFO] D01_solver_regression_after_flux_fix: metrics summary: {"flat_ti": {"case_name": "flat_ti", "reference_case": "fresnel_flat_ti", "max_negative_T": 3.653157962880685e-16, "min_A": 0.061820861831764065, "max_A": 0.08650867176077184, "mean_A_8_13um": 0.07322247099186749, "mean_A_pre_fix_8_13um": 0.07322247099186718, "mean_A_delta_after_flux_fix": 3.0531133177191805e-16, "max_abs_delta_R_vs_reference": 0.0016550373438699584, "max_abs_delta_A_vs_reference": 0.0016550373438695976, "reference_tol": 0.05, "has_raw_flux": true, "all_finite": true, "base_checks_pass": true, "reference_check_pass": true, "pass_or_fail": "PASS"}, "rectangular_groove": {"case_name": "rectangular_groove", "reference_case": "flat_ti", "max_negative_T": 0.0008694854098923819, "min_A": 0.041948641909541166, "max_A": 0.16288721376592638, "mean_A_8_13um": 0.10631237869849083, "mean_A_pre_fix_8_13um": 0.10657441774083405, "mean_A_delta_after_flux_fix": -0.00026203904234321784, "max_abs_delta_R_vs_reference": 0.07550905659526252, "max_abs_delta_A_vs_reference": 0.07637854200515454, "reference_tol": NaN, "has_raw_flux": true, "all_finite": true, "base_checks_pass": true, "reference_check_pass": true, "pass_or_fail": "PASS"}, "slanted_tilt0": {"case_name": "slanted_tilt0", "reference_case": "rectangular_groove", "max_negative_T": 0.0008694854098923819, "min_A": 0.041948641909541166, "max_A": 0.16288721376592638, "mean_A_8_13um": 0.10631237869849083, "mean_A_pre_fix_8_13um": 0.10657441774083405, "mean_A_delta_after_flux_fix": -0.00026203904234321784, "max_abs_delta_R_vs_reference": 0.0, "max_abs_delta_A_vs_reference": 0.0, "reference_tol": 0.05, "has_raw_flux": true, "all_finite": true, "base_checks_pass": true, "reference_check_pass": true, "pass_or_fail": "PASS"}, "slanted_tilt20": {"case_name": "slanted_tilt20", "reference_case": "slanted_tilt0", "max_negative_T": 0.0007612470939782951, "min_A": 0.0459628374339969, "max_A": 0.15801963536058838, "mean_A_8_13um": 0.10531441624909874, "mean_A_pre_fix_8_13um": 0.10554581649045999, "mean_A_delta_after_flux_fix": -0.00023140024136125703, "max_abs_delta_R_vs_reference": 0.0047593400894239135, "max_abs_delta_A_vs_reference": 0.004867578405337997, "reference_tol": NaN, "has_raw_flux": true, "all_finite": true, "base_checks_pass": true, "reference_check_pass": true, "pass_or_fail": "PASS"}}
2026-05-26 22:25:19 [INFO] D01_solver_regression_after_flux_fix: overall status: PASS
